Name: 许三多, URL: https://goodiptv.club/douyu/10348728, Date: None, Resolution: 1920x1080, Response Time: 168.35fps
Name: 滇西小哥, URL: https://goodiptv.club/douyu/3243427, Date: None, Resolution: 854x480, Response Time: 71.9fps
Name: 老高与小茉, URL: https://goodiptv.club/douyu/236461, Date: None, Resolution: 852x480, Response Time: 100.44666666666667fps
Name: 铁齿铜牙纪晓岚, URL: https://goodiptv.club/huya/11342396, Date: None, Resolution: 1440x1078, Response Time: 250.25272727272727fps
Name: 地下交通站, URL: https://goodiptv.club/huya/11342433, Date: None, Resolution: 1280x720, Response Time: 286.945fps
Name: 李卫当官, URL: https://goodiptv.club/huya/26355788, Date: None, Resolution: 448x336, Response Time: 259.35fps
Name: 爱情公寓, URL: https://goodiptv.club/huya/11336726, Date: None, Resolution: 1104x622, Response Time: 266.8888888888889fps
Name: 搞笑一家人, URL: https://goodiptv.club/huya/11342402, Date: None, Resolution: 480x384, Response Time: 279.5425fps
Name: 康熙微服私访记, URL: https://goodiptv.club/huya/11342418, Date: None, Resolution: 704x528, Response Time: 264.78125fps
Name: 家有儿女, URL: https://goodiptv.club/huya/29915635, Date: None, Resolution: 1920x1080, Response Time: 168.075fps
Name: 神探狄仁杰, URL: https://goodiptv.club/huya/11342425, Date: None, Resolution: 720x540, Response Time: 268.97fps
Name: 李子柒, URL: https://goodiptv.club/huya/21969336, Date: None, Resolution: 1920x1080, Response Time: 332.681fps
Name: 密子君, URL: https://goodiptv.club/huya/21140922, Date: None, Resolution: 1920x1080, Response Time: 326.68375fps
Name: 花都兄弟, URL: https://goodiptv.club/huya/23859902, Date: None, Resolution: 1920x1080, Response Time: 274.2558333333333fps
Name: 周星星, URL: https://goodiptv.club/huya/11342412, Date: None, Resolution: 1920x1080, Response Time: 242.08800000000002fps
Name: 林正英, URL: https://goodiptv.club/huya/11342421, Date: None, Resolution: 1916x1080, Response Time: 483.3142857142857fps
Name: 虎牙影院, URL: https://goodiptv.club/huya/11601968, Date: None, Resolution: 1920x752, Response Time: 346.54125fps
Name: 动物世界记录, URL: https://goodiptv.club/huya/29886283, Date: None, Resolution: 1920x1080, Response Time: 168.14fps
Name: 动物世界佳佳, URL: https://goodiptv.club/huya/25749030, Date: None, Resolution: 1920x1080, Response Time: 168.65fps
Name: 动物世界慢观察, URL: https://goodiptv.club/huya/25567644, Date: None, Resolution: 1920x1080, Response Time: 205.20333333333332fps
